// Jest Snapshot v1, https://goo.gl/fbAQLP

exports[`Pruebas en MultipleCustomHooks debe de mostrar <MultipleCustomHooks /> correctamente 1`] = `
<div>
  <h1>
    BreackingBad Quotes
  </h1>
  <hr />
  <div
    className="alert alert-info text-center"
  >
    Loading...
  </div>
  <button
    className="btn btn-success"
    onClick={[Function]}
  >
    Siguiente quote
  </button>
</div>
`;
