// Jest Snapshot v1, https://goo.gl/fbAQLP

exports[`Pruebas en HomeScreen debe de mostrar <HomeScreen/> correctamente 1`] = `
<div>
  <h1>
    HomeScreen
  </h1>
  <hr />
  <pre>
    {
   "name": "Leandro",
   "email": "leandro@email.com"
}
  </pre>
</div>
`;
